
> mock-interview-frontend@1.0.0 build
> next build

  ▲ Next.js 14.2.15
  - Environments: .env.local

   Creating an optimized production build ...
 ✓ Compiled successfully
   Linting and checking validity of types ...
   Collecting page data ...
   Generating static pages (0/7) ...
   Generating static pages (1/7) 
   Generating static pages (3/7) 
 ⨯ useSearchParams() should be wrapped in a suspense boundary at page "/interview/session". Read more: https://nextjs.org/docs/messages/missing-suspense-with-csr-bailout
    at a (c:\Users\dell\OneDrive\Desktop\AI Mock Interview Platform\mock-interview-platform\frontend\.next\server\chunks\863.js:1:10674)
    at c (c:\Users\dell\OneDrive\Desktop\AI Mock Interview Platform\mock-interview-platform\frontend\.next\server\chunks\863.js:1:21614)
    at nc (c:\Users\dell\OneDrive\Desktop\AI Mock Interview Platform\mock-interview-platform\frontend\.next\server\app\interview\session\page.js:6:44011)
    at nj (c:\Users\dell\OneDrive\Desktop\AI Mock Interview Platform\mock-interview-platform\frontend\node_modules\next\dist\compiled\next-server\app-page.runtime.prod.js:12:46251)
    at nM (c:\Users\dell\OneDrive\Desktop\AI Mock Interview Platform\mock-interview-platform\frontend\node_modules\next\dist\compiled\next-server\app-page.runtime.prod.js:12:47571)
    at nN (c:\Users\dell\OneDrive\Desktop\AI Mock Interview Platform\mock-interview-platform\frontend\node_modules\next\dist\compiled\next-server\app-page.runtime.prod.js:12:64546)
    at nI (c:\Users\dell\OneDrive\Desktop\AI Mock Interview Platform\mock-interview-platform\frontend\node_modules\next\dist\compiled\next-server\app-page.runtime.prod.js:12:47010)
    at nM (c:\Users\dell\OneDrive\Desktop\AI Mock Interview Platform\mock-interview-platform\frontend\node_modules\next\dist\compiled\next-server\app-page.runtime.prod.js:12:47717)
    at nM (c:\Users\dell\OneDrive\Desktop\AI Mock Interview Platform\mock-interview-platform\frontend\node_modules\next\dist\compiled\next-server\app-page.runtime.prod.js:12:61546)
    at nN (c:\Users\dell\OneDrive\Desktop\AI Mock Interview Platform\mock-interview-platform\frontend\node_modules\next\dist\compiled\next-server\app-page.runtime.prod.js:12:64546)

Error occurred prerendering page "/interview/session". Read more: https://nextjs.org/docs/messages/prerender-error

   Generating static pages (5/7) 
 ✓ Generating static pages (7/7)

> Export encountered errors on following paths:
	/interview/session/page: /interview/session
